1
0
1

5
1
1
3125

1
2
34

1
1
-99

0
1

#t
#f
#f
